// Jest Snapshot v1, https://goo.gl/fbAQLP

exports[`AddItemDialog.vue if snapshot is correct 1`] = `<div width="500" persistent=""></div>`;
